{
  "New-AzWvdScalingPlan+[NoContext]+CreateExpanded+$PUT+https://management.azure.com/subscriptions/9b5711b9-2151-4555-91bf-e0b7f803682f/resourceGroups/dallintest/providers/Microsoft.DesktopVirtualization/scalingPlans/ScalingPlanPowershellContained1?api-version=2021-09-03-preview+1": {
    "Request": {
      "Method": "PUT",
      "RequestUri": "https://management.azure.com/subscriptions/9b5711b9-2151-4555-91bf-e0b7f803682f/resourceGroups/dallintest/providers/Microsoft.DesktopVirtualization/scalingPlans/ScalingPlanPowershellContained1?api-version=2021-09-03-preview",
      "Content": "{\r\n  \"location\": \"eastus2\",\r\n  \"properties\": {\r\n    \"description\": \"desc\",\r\n    \"friendlyName\": \"fri\",\r\n    \"timeZone\": \"Pacific Standard Time\",\r\n    \"hostPoolType\": \"Pooled\",\r\n    \"schedules\": [\r\n      {\r\n        \"rampUpStartTime\": {\r\n          \"hour\": 6,\r\n          \"minute\": 0\r\n        },\r\n        \"peakStartTime\": {\r\n          \"hour\": 8,\r\n          \"minute\": 30\r\n        },\r\n        \"rampDownStartTime\": {\r\n          \"hour\": 16,\r\n          \"minute\": 15\r\n        },\r\n        \"offPeakStartTime\": {\r\n          \"hour\": 18,\r\n          \"minute\": 0\r\n        },\r\n        \"name\": \"Work Week\",\r\n        \"daysOfWeek\": [ \"Monday\", \"Tuesday\", \"Wednesday\", \"Thursday\", \"Friday\" ],\r\n        \"rampUpLoadBalancingAlgorithm\": \"BreadthFirst\",\r\n        \"rampUpMinimumHostsPct\": 20,\r\n        \"rampUpCapacityThresholdPct\": 20,\r\n        \"peakLoadBalancingAlgorithm\": \"DepthFirst\",\r\n        \"rampDownLoadBalancingAlgorithm\": \"BreadthFirst\",\r\n        \"rampDownMinimumHostsPct\": 20,\r\n        \"rampDownCapacityThresholdPct\": 20,\r\n        \"rampDownForceLogoffUsers\": true,\r\n        \"rampDownStopHostsWhen\": \"ZeroSessions\",\r\n        \"rampDownWaitTimeMinutes\": 30,\r\n        \"rampDownNotificationMessage\": \"Log out now, please.\",\r\n        \"offPeakLoadBalancingAlgorithm\": \"DepthFirst\"\r\n      }\r\n    ],\r\n    \"hostPoolReferences\": [\r\n      {\r\n        \"hostPoolArmPath\": \"/subscriptions/9b5711b9-2151-4555-91bf-e0b7f803682f/resourceGroups/dallintest/providers/Microsoft.DesktopVirtualization/hostpools/dallintest-hp\",\r\n        \"scalingPlanEnabled\": false\r\n      }\r\n    ]\r\n  }\r\n}",
      "isContentBase64": false,
      "Headers": {
      },
      "ContentHeaders": {
        "Content-Type": [ "application/json" ],
        "Content-Length": [ "1548" ]
      }
    },
    "Response": {
      "StatusCode": 201,
      "Headers": {
        "Cache-Control": [ "no-cache" ],
        "Pragma": [ "no-cache" ],
        "Location": [ "/subscriptions/9b5711b9-2151-4555-91bf-e0b7f803682f/resourcegroups/dallintest/providers/microsoft.desktopvirtualization/scalingplans/scalingplanpowershellcontained1" ],
        "x-ms-opsarmpath64": [ "L3N1YnNjcmlwdGlvbnMvOWI1NzExYjktMjE1MS00NTU1LTkxYmYtZTBiN2Y4MDM2ODJmL3Jlc291cmNlR3JvdXBzL2RhbGxpbnRlc3QvcHJvdmlkZXJzL01pY3Jvc29mdC5EZXNrdG9wVmlydHVhbGl6YXRpb24vc2NhbGluZ1BsYW5zL1NjYWxpbmdQbGFuUG93ZXJzaGVsbENvbnRhaW5lZDE=" ],
        "x-ms-lamport-ts": [ "1789884420" ],
        "x-ms-correlation-id": [ "8465aef7-330f-4b0d-9df4-8be8ab1b3c19" ],
        "x-ms-request-id": [ "f03c20f2-baf3-4ef8-91c9-b9a1fa27cfae" ],
        "Set-Cookie": [ "ARRAffinity=e5260b2e3afcf652896526130ca9a70ef50928d3204b71d36b9322d2a52ef7f6;Path=/;HttpOnly;Secure;Domain=rdarmprovider-g-us-r0.wvd.microsoft.com", "ARRAffinitySameSite=e5260b2e3afcf652896526130ca9a70ef50928d3204b71d36b9322d2a52ef7f6;Path=/;HttpOnly;SameSite=None;Secure;Domain=rdarmprovider-g-us-r0.wvd.microsoft.com" ],
        "Server": [ "Microsoft-IIS/10.0" ],
        "X-Powered-By": [ "ASP.NET" ],
        "x-ms-ratelimit-remaining-subscription-writes": [ "1199" ],
        "x-ms-correlation-request-id": [ "e68da99c-0c03-4e3c-b92b-d90a2815d773" ],
        "x-ms-routing-request-id": [ "WESTCENTRALUS:20211110T011354Z:e68da99c-0c03-4e3c-b92b-d90a2815d773" ],
        "Strict-Transport-Security": [ "max-age=31536000; includeSubDomains" ],
        "X-Content-Type-Options": [ "nosniff" ],
        "Date": [ "Wed, 10 Nov 2021 01:13:53 GMT" ]
      },
      "ContentHeaders": {
        "Content-Length": [ "1453" ],
        "Content-Type": [ "application/json; charset=utf-8" ],
        "Expires": [ "-1" ]
      },
      "Content": "{\"name\":\"ScalingPlanPowershellContained1\",\"id\":\"/subscriptions/9b5711b9-2151-4555-91bf-e0b7f803682f/resourcegroups/dallintest/providers/Microsoft.DesktopVirtualization/scalingplans/ScalingPlanPowershellContained1\",\"type\":\"Microsoft.DesktopVirtualization/scalingplans\",\"location\":\"eastus2\",\"tags\":null,\"kind\":null,\"systemData\":null,\"properties\":{\"description\":\"desc\",\"friendlyName\":\"fri\",\"timeZone\":\"Pacific Standard Time\",\"hostPoolType\":\"Pooled\",\"exclusionTag\":\"\",\"schedules\":[{\"rampUpStartTime\":{\"hour\":6,\"minute\":0},\"peakStartTime\":{\"hour\":8,\"minute\":30},\"rampDownStartTime\":{\"hour\":16,\"minute\":15},\"offPeakStartTime\":{\"hour\":18,\"minute\":0},\"name\":\"Work Week\",\"daysOfWeek\":[\"Monday\",\"Tuesday\",\"Wednesday\",\"Thursday\",\"Friday\"],\"rampUpLoadBalancingAlgorithm\":\"BreadthFirst\",\"rampUpMinimumHostsPct\":20,\"rampUpCapacityThresholdPct\":20,\"peakLoadBalancingAlgorithm\":\"DepthFirst\",\"rampDownLoadBalancingAlgorithm\":\"BreadthFirst\",\"rampDownMinimumHostsPct\":20,\"rampDownCapacityThresholdPct\":20,\"rampDownForceLogoffUsers\":true,\"rampDownWaitTimeMinutes\":30,\"rampDownNotificationMessage\":\"Log out now, please.\",\"rampDownStopHostsWhen\":\"ZeroSessions\",\"offPeakLoadBalancingAlgorithm\":\"DepthFirst\"}],\"hostPoolReferences\":[{\"hostPoolArmPath\":\"/subscriptions/9b5711b9-2151-4555-91bf-e0b7f803682f/resourceGroups/dallintest/providers/Microsoft.DesktopVirtualization/hostpools/dallintest-hp\",\"scalingPlanEnabled\":false}],\"objectId\":\"b54b45e1-1394-4630-8d0d-4050111e8969\"}}",
      "isContentBase64": false
    }
  },
  "New-AzWvdScalingPlan+[NoContext]+CreateExpanded+$GET+https://management.azure.com/subscriptions/9b5711b9-2151-4555-91bf-e0b7f803682f/resourceGroups/dallintest/providers/Microsoft.DesktopVirtualization/scalingPlans/ScalingPlanPowershellContained1?api-version=2021-09-03-preview+2": {
    "Request": {
      "Method": "GET",
      "RequestUri": "https://management.azure.com/subscriptions/9b5711b9-2151-4555-91bf-e0b7f803682f/resourceGroups/dallintest/providers/Microsoft.DesktopVirtualization/scalingPlans/ScalingPlanPowershellContained1?api-version=2021-09-03-preview",
      "Content": null,
      "isContentBase64": false,
      "Headers": {
        "x-ms-unique-id": [ "2" ],
        "x-ms-client-request-id": [ "34462e2d-9c1f-4577-b8ff-42a5f6b62712" ],
        "CommandName": [ "Get-AzWvdScalingPlan" ],
        "FullCommandName": [ "Get-AzWvdScalingPlan_Get" ],
        "ParameterSetName": [ "__AllParameterSets" ],
        "User-Agent": [ "AzurePowershell/v0.0.0" ],
        "Authorization": [ "[Filtered]" ]
      },
      "ContentHeaders": {
      }
    },
    "Response": {
      "StatusCode": 200,
      "Headers": {
        "Cache-Control": [ "no-cache" ],
        "Pragma": [ "no-cache" ],
        "Vary": [ "Accept-Encoding" ],
        "x-ms-ratelimit-remaining-subscription-reads": [ "11999" ],
        "x-ms-opsarmpath64": [ "L3N1YnNjcmlwdGlvbnMvOWI1NzExYjktMjE1MS00NTU1LTkxYmYtZTBiN2Y4MDM2ODJmL3Jlc291cmNlR3JvdXBzL2RhbGxpbnRlc3QvcHJvdmlkZXJzL01pY3Jvc29mdC5EZXNrdG9wVmlydHVhbGl6YXRpb24vc2NhbGluZ1BsYW5zL1NjYWxpbmdQbGFuUG93ZXJzaGVsbENvbnRhaW5lZDE=" ],
        "x-ms-lamport-ts": [ "1789884597" ],
        "x-ms-correlation-id": [ "5c17d8ab-f71a-454f-b752-86b2d4886ffa" ],
        "x-ms-request-id": [ "34462e2d-9c1f-4577-b8ff-42a5f6b62712" ],
        "Set-Cookie": [ "ARRAffinity=f119449f46dcef9bd5860a934b5295fe0a7cdf19ef369ded63982f197791bcee;Path=/;HttpOnly;Secure;Domain=rdarmprovider-g-us-r0.wvd.microsoft.com", "ARRAffinitySameSite=f119449f46dcef9bd5860a934b5295fe0a7cdf19ef369ded63982f197791bcee;Path=/;HttpOnly;SameSite=None;Secure;Domain=rdarmprovider-g-us-r0.wvd.microsoft.com" ],
        "Server": [ "Microsoft-IIS/10.0" ],
        "X-Powered-By": [ "ASP.NET" ],
        "x-ms-correlation-request-id": [ "a570637e-7e1a-4c09-a15f-23eb59641c12" ],
        "x-ms-routing-request-id": [ "WESTCENTRALUS:20211110T011355Z:a570637e-7e1a-4c09-a15f-23eb59641c12" ],
        "Strict-Transport-Security": [ "max-age=31536000; includeSubDomains" ],
        "X-Content-Type-Options": [ "nosniff" ],
        "Date": [ "Wed, 10 Nov 2021 01:13:54 GMT" ]
      },
      "ContentHeaders": {
        "Content-Length": [ "1453" ],
        "Content-Type": [ "application/json; charset=utf-8" ],
        "Expires": [ "-1" ]
      },
      "Content": "{\"name\":\"ScalingPlanPowershellContained1\",\"id\":\"/subscriptions/9b5711b9-2151-4555-91bf-e0b7f803682f/resourcegroups/dallintest/providers/Microsoft.DesktopVirtualization/scalingplans/ScalingPlanPowershellContained1\",\"type\":\"Microsoft.DesktopVirtualization/scalingplans\",\"location\":\"eastus2\",\"tags\":null,\"kind\":null,\"systemData\":null,\"properties\":{\"description\":\"desc\",\"friendlyName\":\"fri\",\"timeZone\":\"Pacific Standard Time\",\"hostPoolType\":\"Pooled\",\"exclusionTag\":\"\",\"schedules\":[{\"rampUpStartTime\":{\"hour\":6,\"minute\":0},\"peakStartTime\":{\"hour\":8,\"minute\":30},\"rampDownStartTime\":{\"hour\":16,\"minute\":15},\"offPeakStartTime\":{\"hour\":18,\"minute\":0},\"name\":\"Work Week\",\"daysOfWeek\":[\"Monday\",\"Tuesday\",\"Wednesday\",\"Thursday\",\"Friday\"],\"rampUpLoadBalancingAlgorithm\":\"BreadthFirst\",\"rampUpMinimumHostsPct\":20,\"rampUpCapacityThresholdPct\":20,\"peakLoadBalancingAlgorithm\":\"DepthFirst\",\"rampDownLoadBalancingAlgorithm\":\"BreadthFirst\",\"rampDownMinimumHostsPct\":20,\"rampDownCapacityThresholdPct\":20,\"rampDownForceLogoffUsers\":true,\"rampDownWaitTimeMinutes\":30,\"rampDownNotificationMessage\":\"Log out now, please.\",\"rampDownStopHostsWhen\":\"ZeroSessions\",\"offPeakLoadBalancingAlgorithm\":\"DepthFirst\"}],\"hostPoolReferences\":[{\"hostPoolArmPath\":\"/subscriptions/9b5711b9-2151-4555-91bf-e0b7f803682f/resourceGroups/dallintest/providers/Microsoft.DesktopVirtualization/hostpools/dallintest-hp\",\"scalingPlanEnabled\":false}],\"objectId\":\"b54b45e1-1394-4630-8d0d-4050111e8969\"}}",
      "isContentBase64": false
    }
  },
  "New-AzWvdScalingPlan+[NoContext]+CreateExpanded+$DELETE+https://management.azure.com/subscriptions/9b5711b9-2151-4555-91bf-e0b7f803682f/resourceGroups/dallintest/providers/Microsoft.DesktopVirtualization/scalingPlans/ScalingPlanPowershellContained1?api-version=2021-09-03-preview+3": {
    "Request": {
      "Method": "DELETE",
      "RequestUri": "https://management.azure.com/subscriptions/9b5711b9-2151-4555-91bf-e0b7f803682f/resourceGroups/dallintest/providers/Microsoft.DesktopVirtualization/scalingPlans/ScalingPlanPowershellContained1?api-version=2021-09-03-preview",
      "Content": null,
      "isContentBase64": false,
      "Headers": {
        "x-ms-unique-id": [ "3" ],
        "x-ms-client-request-id": [ "93065ab9-ffe8-4180-b5ae-6d247eb78211" ],
        "CommandName": [ "Remove-AzWvdScalingPlan" ],
        "FullCommandName": [ "Remove-AzWvdScalingPlan_Delete" ],
        "ParameterSetName": [ "__AllParameterSets" ],
        "User-Agent": [ "AzurePowershell/v0.0.0" ],
        "Authorization": [ "[Filtered]" ]
      },
      "ContentHeaders": {
      }
    },
    "Response": {
      "StatusCode": 200,
      "Headers": {
        "Cache-Control": [ "no-cache" ],
        "Pragma": [ "no-cache" ],
        "Vary": [ "Accept-Encoding" ],
        "x-ms-ratelimit-remaining-subscription-deletes": [ "14999" ],
        "x-ms-opsarmpath64": [ "L3N1YnNjcmlwdGlvbnMvOWI1NzExYjktMjE1MS00NTU1LTkxYmYtZTBiN2Y4MDM2ODJmL3Jlc291cmNlR3JvdXBzL2RhbGxpbnRlc3QvcHJvdmlkZXJzL01pY3Jvc29mdC5EZXNrdG9wVmlydHVhbGl6YXRpb24vc2NhbGluZ1BsYW5zL1NjYWxpbmdQbGFuUG93ZXJzaGVsbENvbnRhaW5lZDE=" ],
        "x-ms-lamport-ts": [ "1789884107" ],
        "x-ms-correlation-id": [ "bf4688ac-b382-449d-b074-d65a1fdb47fa" ],
        "x-ms-request-id": [ "93065ab9-ffe8-4180-b5ae-6d247eb78211" ],
        "Set-Cookie": [ "ARRAffinity=2a72c92982c7768e24d5bed66a92ca45ca4bda9d1295ce244a4243164e06ac36;Path=/;HttpOnly;Secure;Domain=rdarmprovider-g-us-r0.wvd.microsoft.com", "ARRAffinitySameSite=2a72c92982c7768e24d5bed66a92ca45ca4bda9d1295ce244a4243164e06ac36;Path=/;HttpOnly;SameSite=None;Secure;Domain=rdarmprovider-g-us-r0.wvd.microsoft.com" ],
        "Server": [ "Microsoft-IIS/10.0" ],
        "X-Powered-By": [ "ASP.NET" ],
        "x-ms-correlation-request-id": [ "e04159aa-f50f-4101-a5eb-1340c839e99c" ],
        "x-ms-routing-request-id": [ "WESTCENTRALUS:20211110T011400Z:e04159aa-f50f-4101-a5eb-1340c839e99c" ],
        "Strict-Transport-Security": [ "max-age=31536000; includeSubDomains" ],
        "X-Content-Type-Options": [ "nosniff" ],
        "Date": [ "Wed, 10 Nov 2021 01:14:00 GMT" ]
      },
      "ContentHeaders": {
        "Content-Length": [ "1453" ],
        "Content-Type": [ "application/json; charset=utf-8" ],
        "Expires": [ "-1" ]
      },
      "Content": "{\"name\":\"ScalingPlanPowershellContained1\",\"id\":\"/subscriptions/9b5711b9-2151-4555-91bf-e0b7f803682f/resourcegroups/dallintest/providers/Microsoft.DesktopVirtualization/scalingplans/ScalingPlanPowershellContained1\",\"type\":\"Microsoft.DesktopVirtualization/scalingplans\",\"location\":\"eastus2\",\"tags\":null,\"kind\":null,\"systemData\":null,\"properties\":{\"description\":\"desc\",\"friendlyName\":\"fri\",\"timeZone\":\"Pacific Standard Time\",\"hostPoolType\":\"Pooled\",\"exclusionTag\":\"\",\"schedules\":[{\"rampUpStartTime\":{\"hour\":6,\"minute\":0},\"peakStartTime\":{\"hour\":8,\"minute\":30},\"rampDownStartTime\":{\"hour\":16,\"minute\":15},\"offPeakStartTime\":{\"hour\":18,\"minute\":0},\"name\":\"Work Week\",\"daysOfWeek\":[\"Monday\",\"Tuesday\",\"Wednesday\",\"Thursday\",\"Friday\"],\"rampUpLoadBalancingAlgorithm\":\"BreadthFirst\",\"rampUpMinimumHostsPct\":20,\"rampUpCapacityThresholdPct\":20,\"peakLoadBalancingAlgorithm\":\"DepthFirst\",\"rampDownLoadBalancingAlgorithm\":\"BreadthFirst\",\"rampDownMinimumHostsPct\":20,\"rampDownCapacityThresholdPct\":20,\"rampDownForceLogoffUsers\":true,\"rampDownWaitTimeMinutes\":30,\"rampDownNotificationMessage\":\"Log out now, please.\",\"rampDownStopHostsWhen\":\"ZeroSessions\",\"offPeakLoadBalancingAlgorithm\":\"DepthFirst\"}],\"hostPoolReferences\":[{\"hostPoolArmPath\":\"/subscriptions/9b5711b9-2151-4555-91bf-e0b7f803682f/resourceGroups/dallintest/providers/Microsoft.DesktopVirtualization/hostpools/dallintest-hp\",\"scalingPlanEnabled\":false}],\"objectId\":\"b54b45e1-1394-4630-8d0d-4050111e8969\"}}",
      "isContentBase64": false
    }
  }
}